a = 2.0
b = 3.0
c = 4.0
a + b - c = 1
a * b / c = 1.5
a + b / c = 2.75
a = 2
b = 3
c = 4
a + b - c = 1
a * b / c = 1.5
a + b / c = 2.75
a * b % c = 2
a * b % c / 3 = 0
a = -2 (FFFFFFFFFFFFFFFEH)
a << 2 = -8 (FFFFFFFFFFFFFFF8H)
a >> 2 = -1 (FFFFFFFFFFFFFFFFH)
a >>> 2 = 4611686018427387903 (3FFFFFFFFFFFFFFFH)
a = 2.0 (2H)
a << 2 = 8 (8H)
a >> 2 = 0 (0H)
a >>> 2 = 0 (0H)
b = 3.0
a + b - c = 1
a * b / c = 1.5
a * b % c = 2
9 * a * b % c = 2
9 * a * b % c / 3 = 0
