  outer loop: 0  inner loop: 0
  outer loop: 0  inner loop: 1
  outer loop: 0  inner loop: 2
  outer loop: 0  inner loop: 3
  outer loop: 1  inner loop: 0
  outer loop: 1  inner loop: 1
  outer loop: 1  inner loop: 2
  outer loop: 1  inner loop: 3
  outer loop: 2  inner loop: 0
  outer loop: 2  inner loop: 1
  outer loop: 2  inner loop: 2
  outer loop: 2  inner loop: 3
